03:10:21 34.8
03:10:51 43.1
03:11:21 42.5
03:11:51 41.8
03:12:21 40.9
03:12:51 37.2
03:13:21 37.2
03:13:51 37.0
03:14:21 36.6
03:14:51 37.2
03:15:21 37.2
03:15:51 37.2
03:16:21 37.1
03:16:51 34.6
03:17:21 36.9
03:17:51 36.9
03:18:21 39.7
03:18:51 39.6
03:19:00 39.6
03:19:21 39.4
03:19:30 39.1
03:19:51 42.0
03:20:00 42.0
03:20:21 42.0
03:20:30 42.0
03:20:51 42.0
03:21:00 42.0
03:21:21 42.0
03:21:30 42.0
03:21:51 42.0
03:22:00 42.0
03:22:21 42.0
03:22:30 42.0
03:22:51 42.0
03:23:00 42.0
03:23:21 42.0
03:23:30 42.0
03:23:51 42.0
03:24:00 42.0
03:24:21 42.0
03:24:30 42.0
03:24:51 42.0
03:25:01 42.0
03:25:21 42.0
03:25:31 41.9
03:25:51 41.9
03:26:01 42.0
03:26:21 42.0
03:26:31 41.9
03:26:51 41.9
03:27:01 41.9
03:27:21 41.9
03:27:31 41.9
03:27:51 41.9
03:28:01 41.9
03:28:21 41.9
03:28:31 41.9
03:28:51 41.9
03:29:01 41.9
03:29:21 41.9
03:29:31 41.9
03:29:51 41.9
03:30:01 41.9
03:30:21 41.9
03:30:31 41.9
03:30:52 41.9
03:31:01 41.9
03:31:22 41.9
03:31:31 41.9
03:31:52 41.9
03:32:01 41.9
03:32:22 41.9
03:32:31 41.9
03:32:52 41.9
03:33:01 41.9
03:33:22 41.9
03:33:31 41.9
03:33:52 41.9
03:34:01 41.9
03:34:22 41.9
03:34:31 41.9
03:34:52 41.9
03:35:01 41.9
03:35:22 41.9
03:35:31 41.9
03:35:52 41.9
03:36:01 41.9
03:36:22 41.9
03:36:31 41.9
03:36:52 41.9
03:37:01 41.9
03:37:22 41.9
03:37:31 41.9
03:37:52 41.9
03:38:01 41.9
03:38:22 41.9
03:38:31 41.9
03:38:52 41.9
03:39:01 41.9
03:39:22 41.9
03:39:31 41.9
03:39:52 41.9
03:40:01 41.7
03:40:31 41.6
03:41:01 41.5
03:41:31 41.7
